[2026-07-30T11:47:23.901Z] GET file:///C:/Users/artem/prootdyh-redesign/kruizy-redesign.html → 200 (2ms, 9387B)
[2026-07-30T11:47:23.907Z] GET file:///C:/Users/artem/prootdyh-redesign/redesign.css → 200 (3ms, 31739B)
[2026-07-30T11:47:23.908Z] GET file:///C:/Users/artem/prootdyh-redesign/assets/logo.png → 200 (3ms, 38808B)
[2026-07-30T11:47:23.941Z] GET file:///C:/Users/artem/prootdyh-redesign/assets/fonts/Roboto-Regular.ttf → 200 (2ms, 162876B)
[2026-07-30T11:47:23.941Z] GET file:///C:/Users/artem/prootdyh-redesign/assets/fonts/Roboto-Black.ttf → 200 (3ms, 163488B)
[2026-07-30T11:47:23.942Z] GET file:///C:/Users/artem/prootdyh-redesign/assets/fonts/Roboto-Bold.ttf → 200 (3ms, 162464B)
[2026-07-30T11:47:23.942Z] GET https://bitrix.infoflot.com/local/templates/infoflot/frontend/js/infoflotIframe.js → pending (?ms, ?B)
[2026-07-30T11:47:24.245Z] GET file:///C:/Users/artem/prootdyh-redesign/index.html → 200 (2ms, 23596B)
[2026-07-30T11:47:24.252Z] GET file:///C:/Users/artem/prootdyh-redesign/redesign.css → 200 (1ms, 31739B)
[2026-07-30T11:47:24.252Z] GET file:///C:/Users/artem/prootdyh-redesign/assets/logo.png → 200 (1ms, 38808B)
[2026-07-30T11:47:24.295Z] GET file:///C:/Users/artem/prootdyh-redesign/assets/hero_clean.jpg → 200 (1ms, 201541B)
[2026-07-30T11:47:24.295Z] GET file:///C:/Users/artem/prootdyh-redesign/assets/fonts/Roboto-Regular.ttf → 200 (2ms, 162876B)
[2026-07-30T11:47:24.296Z] GET file:///C:/Users/artem/prootdyh-redesign/assets/fonts/Roboto-Bold.ttf → 200 (1ms, 162464B)
[2026-07-30T11:47:24.296Z] GET file:///C:/Users/artem/prootdyh-redesign/assets/fonts/Roboto-Black.ttf → 200 (3ms, 163488B)
[2026-07-30T11:47:24.296Z] GET file:///C:/Users/artem/prootdyh-redesign/assets/fonts/Roboto-Medium.ttf → 200 (4ms, 162588B)
[2026-07-30T11:47:24.326Z] GET https://yandex.ru/map-widget/v1/?ll=30.878636%2C59.539669&z=17&pt=30.878636%2C59.539669%2Cpm2rdm → pending (?ms, ?B)
[2026-07-30T11:47:24.327Z] GET file:///C:/Users/artem/prootdyh-redesign/assets/city_sochi.jpg → 200 (4ms, 25505B)
[2026-07-30T11:47:24.327Z] GET file:///C:/Users/artem/prootdyh-redesign/assets/city_gagra.jpg → 200 (4ms, 410938B)
[2026-07-30T11:47:24.327Z] GET file:///C:/Users/artem/prootdyh-redesign/assets/city_larnaka.jpg → 200 (5ms, 43092B)
[2026-07-30T11:47:24.327Z] GET file:///C:/Users/artem/prootdyh-redesign/assets/city_kosta.jpg → 200 (5ms, 61290B)
[2026-07-30T11:47:24.327Z] GET file:///C:/Users/artem/prootdyh-redesign/assets/city_praga.jpg → 200 (5ms, 54678B)
[2026-07-30T11:47:24.327Z] GET file:///C:/Users/artem/prootdyh-redesign/assets/city_paris.jpg → 200 (5ms, 30821B)
[2026-07-30T11:47:24.327Z] GET file:///C:/Users/artem/prootdyh-redesign/assets/co_p_anex.png → 200 (5ms, 5130B)
[2026-07-30T11:47:24.328Z] GET file:///C:/Users/artem/prootdyh-redesign/assets/co_p_coral.png → 200 (5ms, 6450B)
[2026-07-30T11:47:24.328Z] GET file:///C:/Users/artem/prootdyh-redesign/assets/co_p_pegas.png → 200 (5ms, 11784B)
[2026-07-30T11:47:24.328Z] GET file:///C:/Users/artem/prootdyh-redesign/assets/co_p_biblio.png → 200 (5ms, 10162B)
[2026-07-30T11:47:24.328Z] GET file:///C:/Users/artem/prootdyh-redesign/assets/co_p_alean.png → 200 (5ms, 2217B)
[2026-07-30T11:47:24.328Z] GET file:///C:/Users/artem/prootdyh-redesign/assets/co_p_dolphin.png → 200 (5ms, 3172B)
[2026-07-30T11:47:24.328Z] GET file:///C:/Users/artem/prootdyh-redesign/assets/co_p_ambotis.png → 200 (5ms, 6398B)
[2026-07-30T11:47:25.781Z] GET https://maps.yastatic.net/react/19.2.1/react-with-dom.min.js → pending (?ms, ?B)
[2026-07-30T11:47:25.781Z] GET https://maps.yastatic.net/s3/front-maps-static/maps-front-maps/build/client/map-widget/chunks/map-widget-base/f882aeda458bf802aaae.yandex.ru.js → pending (?ms, ?B)
[2026-07-30T11:47:25.781Z] GET https://maps.yastatic.net/s3/front-maps-static/maps-front-maps/build/client/map-widget/chunks/map-widget-app/35e1fbd192120d23fa30.yandex.ru.js → pending (?ms, ?B)
[2026-07-30T11:47:26.994Z] GET https://maps.yastatic.net/s3/home/fonts/ys/4/text-medium.woff2 → pending (?ms, ?B)
[2026-07-30T11:47:26.994Z] GET https://maps.yastatic.net/s3/home/fonts/ys/4/text-heavy.woff2 → pending (?ms, ?B)
[2026-07-30T11:47:26.994Z] GET https://maps.yastatic.net/s3/home/fonts/ys/4/text-regular.woff2 → pending (?ms, ?B)
[2026-07-30T11:47:26.994Z] GET https://maps.yastatic.net/s3/home/fonts/ys/4/text-bold.woff2 → pending (?ms, ?B)
[2026-07-30T11:47:27.014Z] GET https://mc.yandex.ru/metrika/tag_turbo.js → pending (?ms, ?B)
[2026-07-30T11:47:27.454Z] GET https://maps.yastatic.net/s3/front-maps-static/maps-front-maps/build/client/map-widget/chunks/ymaps/69e463f77000fb9d9fc3.css → 200 (222ms, 2245B)
[2026-07-30T11:47:27.454Z] GET https://maps.yastatic.net/s3/front-maps-static/maps-front-maps/build/client/map-widget/chunks/ymaps/3d761fa0b3be717a880a.yandex.ru.js → 200 (319ms, 212041B)
[2026-07-30T11:47:27.813Z] GET https://maps.yastatic.net/s3/front-maps-static/maps-front-maps/build/client/map-widget/chunks/vector-map-engine/6c90f44b3d976a998dbd.yandex.ru.js → pending (?ms, ?B)
[2026-07-30T11:47:27.813Z] GET https://maps.yastatic.net/s3/front-maps-static/maps-front-maps/build/client/map-widget/chunks/ymaps-vector/ed4750d956b5c0bbe01f.yandex.ru.js → pending (?ms, ?B)
[2026-07-30T11:47:27.905Z] GET https://maps.yastatic.net/s3/front-maps-static/maps-front-maps/static/v57/icons/core/logo-24.svg → pending (?ms, ?B)
[2026-07-30T11:47:27.905Z] GET https://maps.yastatic.net/s3/front-maps-static/maps-front-maps/build/_/fd161c881e6392111418a1036fe1188e.svg → pending (?ms, ?B)
[2026-07-30T11:47:28.441Z] GET https://mc.yandex.com/metrika/advert.gif → pending (?ms, ?B)
[2026-07-30T11:47:28.445Z] GET https://mc.yandex.com/watch/3?wmode=7&page-url=https%3A%2F%2Fyandex.ru%2Fmap-widget%2Fv1%2F%3Fll%3D30.878636%252C59.539669%26z%3D17%26pt%3D30.878636%252C59.539669%252Cpm2rdm&page-ref=&charset=utf-8&ut=noindex&browser-info=pv%3A1%3Avf%3Aaxve7nh0n93j3a6fbktm5p7ei51ci%3Afu%3A0%3Aen%3Autf-8%3Ala%3Aru%3Av%3A2600%3Acn%3A1%3Adp%3A0%3Als%3A1405669309823%3Ahid%3A998727261%3Az%3A180%3Ai%3A20260730144728%3Aet%3A1785412048%3Ac%3A1%3Arn%3A935326172%3Arqn%3A1%3Au%3A1785412048798432329%3Aw%3A334x200%3As%3A800x600x24%3Ask%3A1%3Aifr%3A1%3Ads%3A305%2C741%2C393%2C529%2C1%2C0%2C%2C2%2C0%2C%2C%2C%2C3100%3Ast%3A1785412048%3At%3Amap%20frame&t=mc(h-1)yu(1431435091785411774)cdl(na)eco(1024)ti(2) → pending (?ms, ?B)
[2026-07-30T11:47:28.445Z] GET https://mc.yandex.com/watch/3?wmode=7&page-url=https%3A%2F%2Fyandex.ru%2Fmap-widget%2Fv1%2F%3Fll%3D30.878636%252C59.539669%26z%3D17%26pt%3D30.878636%252C59.539669%252Cpm2rdm&page-ref=&charset=utf-8&ut=noindex&browser-info=pv%3A1%3Avf%3Aaxve7nh0n93j3a6fbktm5p7ei51ci%3Afu%3A0%3Aen%3Autf-8%3Ala%3Aru%3Av%3A2600%3Acn%3A1%3Adp%3A0%3Als%3A1405669309823%3Ahid%3A998727261%3Az%3A180%3Ai%3A20260730144728%3Aet%3A1785412048%3Ac%3A1%3Arn%3A77188554%3Arqn%3A2%3Au%3A1785412048798432329%3Aw%3A334x200%3As%3A800x600x24%3Ask%3A1%3Aifr%3A1%3Ast%3A1785412048%3At%3Amap%20frame&t=mc(h-1)yu(1431435091785411774)cdl(na)eco(1024)ti(2) → pending (?ms, ?B)
[2026-07-30T11:47:29.182Z] GET https://mc.yandex.com/watch/3/1?wmode=7&page-url=https%3A%2F%2Fyandex.ru%2Fmap-widget%2Fv1%2F%3Fll%3D30.878636%252C59.539669%26z%3D17%26pt%3D30.878636%252C59.539669%252Cpm2rdm&page-ref&charset=utf-8&ut=noindex&browser-info=pv%3A1%3Avf%3Aaxve7nh0n93j3a6fbktm5p7ei51ci%3Afu%3A0%3Aen%3Autf-8%3Ala%3Aru%3Av%3A2600%3Acn%3A1%3Adp%3A0%3Als%3A1405669309823%3Ahid%3A998727261%3Az%3A180%3Ai%3A20260730144728%3Aet%3A1785412048%3Ac%3A1%3Arn%3A77188554%3Arqn%3A2%3Au%3A1785412048798432329%3Aw%3A334x200%3As%3A800x600x24%3Ask%3A1%3Aifr%3A1%3Ast%3A1785412048%3At%3Amap%20frame&t=mc%28h-1%29yu%281431435091785411774%29cdl%28na%29eco%281024%29ti%282%29&redirnss=1 → 200 (120ms, 505B)
[2026-07-30T11:47:29.188Z] GET https://mc.yandex.com/watch/3/1?wmode=7&page-url=https%3A%2F%2Fyandex.ru%2Fmap-widget%2Fv1%2F%3Fll%3D30.878636%252C59.539669%26z%3D17%26pt%3D30.878636%252C59.539669%252Cpm2rdm&page-ref&charset=utf-8&ut=noindex&browser-info=pv%3A1%3Avf%3Aaxve7nh0n93j3a6fbktm5p7ei51ci%3Afu%3A0%3Aen%3Autf-8%3Ala%3Aru%3Av%3A2600%3Acn%3A1%3Adp%3A0%3Als%3A1405669309823%3Ahid%3A998727261%3Az%3A180%3Ai%3A20260730144728%3Aet%3A1785412048%3Ac%3A1%3Arn%3A935326172%3Arqn%3A1%3Au%3A1785412048798432329%3Aw%3A334x200%3As%3A800x600x24%3Ask%3A1%3Aifr%3A1%3Ads%3A305%2C741%2C393%2C529%2C1%2C0%2C%2C2%2C0%2C%2C%2C%2C3100%3Ast%3A1785412048%3At%3Amap%20frame&t=mc%28h-1%29yu%281431435091785411774%29cdl%28na%29eco%281024%29ti%282%29&redirnss=1 → 200 (120ms, 505B)
[2026-07-30T11:47:31.312Z] GET https://mc.yandex.com/watch/44120344?wmode=7&page-url=https%3A%2F%2Fyandex.ru%2Fmap-widget%2Fv1%2F%3Fll%3D30.878636%252C59.539669%26z%3D17%26pt%3D30.878636%252C59.539669%252Cpm2rdm&nohit=1&charset=utf-8&ut=noindex&uah=chu%0A%22HeadlessChrome%22%3Bv%3D%22149%22%2C%22Chromium%22%3Bv%3D%22149%22%2C%22Not)A%3BBrand%22%3Bv%3D%2224%22%0Acha%0Ax86%0Achb%0A64%0Achf%0A149.0.7827.55%0Achl%0A%22HeadlessChrome%22%3Bv%3D%22149.0.7827.55%22%2C%22Chromium%22%3Bv%3D%22149.0.7827.55%22%2C%22Not)A%3BBrand%22%3Bv%3D%2224.0.0.0%22%0Achm%0A%3F0%0Achp%0AWindows%0Achv%0A19.0.0&browser-info=pv%3A1%3Avf%3Aaxve7nh0n93j3a6fbktm5p7ei51ci%3Afu%3A0%3Aen%3Autf-8%3Ala%3Aru%3Av%3A2600%3Acn%3A2%3Adp%3A0%3Als%3A1319696422860%3Ahid%3A998727261%3Az%3A180%3Ai%3A20260730144731%3Aet%3A1785412051%3Ac%3A1%3Arn%3A363305955%3Au%3A1785412048798432329%3Aw%3A334x200%3As%3A800x600x24%3Ask%3A1%3Aifr%3A1%3Aadb%3A2%3Arqnl%3A1%3Ast%3A1785412051%3At%3Amap%20frame&t=gdpr(4)mc(h-1)yu(1431435091785411774)cdl(na)eco(50208)ti(2) → 200 (225ms, 722B)
[2026-07-30T11:47:31.539Z] GET https://mc.yandex.com/watch/44120344?wmode=7&page-url=https%3A%2F%2Fyandex.ru%2Fmap-widget%2Fv1%2F%3Fll%3D30.878636%252C59.539669%26z%3D17%26pt%3D30.878636%252C59.539669%252Cpm2rdm&charset=utf-8&ut=noindex&uah=chu%0A%22HeadlessChrome%22%3Bv%3D%22149%22%2C%22Chromium%22%3Bv%3D%22149%22%2C%22Not)A%3BBrand%22%3Bv%3D%2224%22%0Acha%0Ax86%0Achb%0A64%0Achf%0A149.0.7827.55%0Achl%0A%22HeadlessChrome%22%3Bv%3D%22149.0.7827.55%22%2C%22Chromium%22%3Bv%3D%22149.0.7827.55%22%2C%22Not)A%3BBrand%22%3Bv%3D%2224.0.0.0%22%0Achm%0A%3F0%0Achp%0AWindows%0Achv%0A19.0.0&hittoken=1785411780_f56bc89a0b0e6099c5ac0e77886b995f15713bc10a5e0a8cf071cefe419133ff&browser-info=pv%3A1%3Aar%3A1%3Avf%3Aaxve7nh0n93j3a6fbktm5p7ei51ci%3Afu%3A0%3Aen%3Autf-8%3Ala%3Aru%3Av%3A2600%3Acn%3A2%3Adp%3A0%3Als%3A1319696422860%3Ahid%3A998727261%3Az%3A180%3Ai%3A20260730144731%3Aet%3A1785412052%3Ac%3A1%3Arn%3A743556292%3Arqn%3A1%3Au%3A1785412048798432329%3Aw%3A334x200%3As%3A800x600x24%3Ask%3A1%3Aifr%3A1%3Ads%3A305%2C741%2C393%2C529%2C1%2C0%2C%2C2%2C0%2C4864%2C4865%2C0%2C3100%3Aadb%3A2%3Arqnl%3A1%3Ast%3A1785412052%3At%3Amap%20frame&t=gdpr(4)mc(h-1)yu(1431435091785411774)cdl(na)eco(50208)ti(2) → 200 (384ms, 722B)
